// Jest Snapshot v1, https://goo.gl/fbAQLP

exports[`Paragraph Render should render correctly 1`] = `
<p
  className="sc-bczRLJ jfbakM"
  data-testid="Paragraph"
/>
`;
