// Jest Snapshot v1, https://goo.gl/fbAQLP

exports[`Flex Render should render correctly 1`] = `
<div
  className="sc-bczRLJ bsZsBM"
  data-testid="Flex"
/>
`;
