// Jest Snapshot v1, https://goo.gl/fbAQLP

exports[`Heading Render should render correctly 1`] = `
<h1
  className="sc-bczRLJ bTDTrv"
  data-testid="Heading"
>
  Heading
</h1>
`;
