// Jest Snapshot v1, https://goo.gl/fbAQLP

exports[`Container Render should render correctly 1`] = `
<div
  className="sc-bczRLJ jywxvd"
  data-testid="Container"
/>
`;
